{
  "completion": {
    "cells": [
      {
        "cohort": "core",
        "condition": "radius1",
        "evaluation": "missing",
        "method": "identity",
        "seed": 1100,
        "task": "pcp",
        "training": "missing"
      },
      {
        "cohort": "core",
        "condition": "radius1",
        "evaluation": "missing",
        "method": "identity",
        "seed": 1101,
        "task": "pcp",
        "training": "missing"
      },
      {
        "cohort": "core",
        "condition": "radius1",
        "evaluation": "missing",
        "method": "identity",
        "seed": 1102,
        "task": "pcp",
        "training": "missing"
      },
      {
        "cohort": "core",
        "condition": "radius1",
        "evaluation": "missing",
        "method": "identity",
        "seed": 1103,
        "task": "pcp",
        "training": "missing"
      },
      {
        "cohort": "core",
        "condition": "radius1",
        "evaluation": "missing",
        "method": "identity",
        "seed": 1104,
        "task": "pcp",
        "training": "missing"
      },
      {
        "cohort": "core",
        "condition": "radius1",
        "evaluation": "missing",
        "method": "local_capacity",
        "seed": 1100,
        "task": "pcp",
        "training": "missing"
      },
      {
        "cohort": "core",
        "condition": "radius1",
        "evaluation": "missing",
        "method": "local_capacity",
        "seed": 1101,
        "task": "pcp",
        "training": "missing"
      },
      {
        "cohort": "core",
        "condition": "radius1",
        "evaluation": "missing",
        "method": "local_capacity",
        "seed": 1102,
        "task": "pcp",
        "training": "missing"
      },
      {
        "cohort": "core",
        "condition": "radius1",
        "evaluation": "missing",
        "method": "local_capacity",
        "seed": 1103,
        "task": "pcp",
        "training": "missing"
      },
      {
        "cohort": "core",
        "condition": "radius1",
        "evaluation": "missing",
        "method": "local_capacity",
        "seed": 1104,
        "task": "pcp",
        "training": "missing"
      },
      {
        "cohort": "core",
        "condition": "radius1",
        "evaluation": "missing",
        "method": "broadcast",
        "seed": 1100,
        "task": "pcp",
        "training": "missing"
      },
      {
        "cohort": "core",
        "condition": "radius1",
        "evaluation": "missing",
        "method": "broadcast",
        "seed": 1101,
        "task": "pcp",
        "training": "missing"
      },
      {
        "cohort": "core",
        "condition": "radius1",
        "evaluation": "missing",
        "method": "broadcast",
        "seed": 1102,
        "task": "pcp",
        "training": "missing"
      },
      {
        "cohort": "core",
        "condition": "radius1",
        "evaluation": "missing",
        "method": "broadcast",
        "seed": 1103,
        "task": "pcp",
        "training": "missing"
      },
      {
        "cohort": "core",
        "condition": "radius1",
        "evaluation": "missing",
        "method": "broadcast",
        "seed": 1104,
        "task": "pcp",
        "training": "missing"
      },
      {
        "cohort": "core",
        "condition": "radius1",
        "evaluation": "missing",
        "method": "gated",
        "seed": 1100,
        "task": "pcp",
        "training": "missing"
      },
      {
        "cohort": "core",
        "condition": "radius1",
        "evaluation": "missing",
        "method": "gated",
        "seed": 1101,
        "task": "pcp",
        "training": "missing"
      },
      {
        "cohort": "core",
        "condition": "radius1",
        "evaluation": "missing",
        "method": "gated",
        "seed": 1102,
        "task": "pcp",
        "training": "missing"
      },
      {
        "cohort": "core",
        "condition": "radius1",
        "evaluation": "missing",
        "method": "gated",
        "seed": 1103,
        "task": "pcp",
        "training": "missing"
      },
      {
        "cohort": "core",
        "condition": "radius1",
        "evaluation": "missing",
        "method": "gated",
        "seed": 1104,
        "task": "pcp",
        "training": "missing"
      },
      {
        "cohort": "core",
        "condition": "radius1",
        "evaluation": "missing",
        "method": "attention",
        "seed": 1100,
        "task": "pcp",
        "training": "missing"
      },
      {
        "cohort": "core",
        "condition": "radius1",
        "evaluation": "missing",
        "method": "attention",
        "seed": 1101,
        "task": "pcp",
        "training": "missing"
      },
      {
        "cohort": "core",
        "condition": "radius1",
        "evaluation": "missing",
        "method": "attention",
        "seed": 1102,
        "task": "pcp",
        "training": "missing"
      },
      {
        "cohort": "core",
        "condition": "radius1",
        "evaluation": "missing",
        "method": "attention",
        "seed": 1103,
        "task": "pcp",
        "training": "missing"
      },
      {
        "cohort": "core",
        "condition": "radius1",
        "evaluation": "missing",
        "method": "attention",
        "seed": 1104,
        "task": "pcp",
        "training": "missing"
      },
      {
        "cohort": "core",
        "condition": "radius1",
        "evaluation": "missing",
        "method": "graph_full",
        "seed": 1100,
        "task": "pcp",
        "training": "missing"
      },
      {
        "cohort": "core",
        "condition": "radius1",
        "evaluation": "missing",
        "method": "graph_full",
        "seed": 1101,
        "task": "pcp",
        "training": "missing"
      },
      {
        "cohort": "core",
        "condition": "radius1",
        "evaluation": "missing",
        "method": "graph_full",
        "seed": 1102,
        "task": "pcp",
        "training": "missing"
      },
      {
        "cohort": "core",
        "condition": "radius1",
        "evaluation": "missing",
        "method": "graph_full",
        "seed": 1103,
        "task": "pcp",
        "training": "missing"
      },
      {
        "cohort": "core",
        "condition": "radius1",
        "evaluation": "missing",
        "method": "graph_full",
        "seed": 1104,
        "task": "pcp",
        "training": "missing"
      },
      {
        "cohort": "core",
        "condition": "global",
        "evaluation": "missing",
        "method": "identity",
        "seed": 1100,
        "task": "pcp",
        "training": "missing"
      },
      {
        "cohort": "core",
        "condition": "global",
        "evaluation": "missing",
        "method": "identity",
        "seed": 1101,
        "task": "pcp",
        "training": "missing"
      },
      {
        "cohort": "core",
        "condition": "global",
        "evaluation": "missing",
        "method": "identity",
        "seed": 1102,
        "task": "pcp",
        "training": "missing"
      },
      {
        "cohort": "core",
        "condition": "global",
        "evaluation": "missing",
        "method": "identity",
        "seed": 1103,
        "task": "pcp",
        "training": "missing"
      },
      {
        "cohort": "core",
        "condition": "global",
        "evaluation": "missing",
        "method": "identity",
        "seed": 1104,
        "task": "pcp",
        "training": "missing"
      },
      {
        "cohort": "core",
        "condition": "global",
        "evaluation": "missing",
        "method": "local_capacity",
        "seed": 1100,
        "task": "pcp",
        "training": "missing"
      },
      {
        "cohort": "core",
        "condition": "global",
        "evaluation": "missing",
        "method": "local_capacity",
        "seed": 1101,
        "task": "pcp",
        "training": "missing"
      },
      {
        "cohort": "core",
        "condition": "global",
        "evaluation": "missing",
        "method": "local_capacity",
        "seed": 1102,
        "task": "pcp",
        "training": "missing"
      },
      {
        "cohort": "core",
        "condition": "global",
        "evaluation": "missing",
        "method": "local_capacity",
        "seed": 1103,
        "task": "pcp",
        "training": "missing"
      },
      {
        "cohort": "core",
        "condition": "global",
        "evaluation": "missing",
        "method": "local_capacity",
        "seed": 1104,
        "task": "pcp",
        "training": "missing"
      },
      {
        "cohort": "core",
        "condition": "global",
        "evaluation": "missing",
        "method": "broadcast",
        "seed": 1100,
        "task": "pcp",
        "training": "missing"
      },
      {
        "cohort": "core",
        "condition": "global",
        "evaluation": "missing",
        "method": "broadcast",
        "seed": 1101,
        "task": "pcp",
        "training": "missing"
      },
      {
        "cohort": "core",
        "condition": "global",
        "evaluation": "missing",
        "method": "broadcast",
        "seed": 1102,
        "task": "pcp",
        "training": "missing"
      },
      {
        "cohort": "core",
        "condition": "global",
        "evaluation": "missing",
        "method": "broadcast",
        "seed": 1103,
        "task": "pcp",
        "training": "missing"
      },
      {
        "cohort": "core",
        "condition": "global",
        "evaluation": "missing",
        "method": "broadcast",
        "seed": 1104,
        "task": "pcp",
        "training": "missing"
      },
      {
        "cohort": "core",
        "condition": "global",
        "evaluation": "missing",
        "method": "gated",
        "seed": 1100,
        "task": "pcp",
        "training": "missing"
      },
      {
        "cohort": "core",
        "condition": "global",
        "evaluation": "missing",
        "method": "gated",
        "seed": 1101,
        "task": "pcp",
        "training": "missing"
      },
      {
        "cohort": "core",
        "condition": "global",
        "evaluation": "missing",
        "method": "gated",
        "seed": 1102,
        "task": "pcp",
        "training": "missing"
      },
      {
        "cohort": "core",
        "condition": "global",
        "evaluation": "missing",
        "method": "gated",
        "seed": 1103,
        "task": "pcp",
        "training": "missing"
      },
      {
        "cohort": "core",
        "condition": "global",
        "evaluation": "missing",
        "method": "gated",
        "seed": 1104,
        "task": "pcp",
        "training": "missing"
      },
      {
        "cohort": "core",
        "condition": "global",
        "evaluation": "missing",
        "method": "attention",
        "seed": 1100,
        "task": "pcp",
        "training": "missing"
      },
      {
        "cohort": "core",
        "condition": "global",
        "evaluation": "missing",
        "method": "attention",
        "seed": 1101,
        "task": "pcp",
        "training": "missing"
      },
      {
        "cohort": "core",
        "condition": "global",
        "evaluation": "missing",
        "method": "attention",
        "seed": 1102,
        "task": "pcp",
        "training": "missing"
      },
      {
        "cohort": "core",
        "condition": "global",
        "evaluation": "missing",
        "method": "attention",
        "seed": 1103,
        "task": "pcp",
        "training": "missing"
      },
      {
        "cohort": "core",
        "condition": "global",
        "evaluation": "missing",
        "method": "attention",
        "seed": 1104,
        "task": "pcp",
        "training": "missing"
      },
      {
        "cohort": "core",
        "condition": "global",
        "evaluation": "missing",
        "method": "graph_full",
        "seed": 1100,
        "task": "pcp",
        "training": "missing"
      },
      {
        "cohort": "core",
        "condition": "global",
        "evaluation": "missing",
        "method": "graph_full",
        "seed": 1101,
        "task": "pcp",
        "training": "missing"
      },
      {
        "cohort": "core",
        "condition": "global",
        "evaluation": "missing",
        "method": "graph_full",
        "seed": 1102,
        "task": "pcp",
        "training": "missing"
      },
      {
        "cohort": "core",
        "condition": "global",
        "evaluation": "missing",
        "method": "graph_full",
        "seed": 1103,
        "task": "pcp",
        "training": "missing"
      },
      {
        "cohort": "core",
        "condition": "global",
        "evaluation": "missing",
        "method": "graph_full",
        "seed": 1104,
        "task": "pcp",
        "training": "missing"
      },
      {
        "cohort": "core",
        "condition": "case33",
        "evaluation": "missing",
        "method": "identity",
        "seed": 1100,
        "task": "mapdn",
        "training": "missing"
      },
      {
        "cohort": "core",
        "condition": "case33",
        "evaluation": "missing",
        "method": "identity",
        "seed": 1101,
        "task": "mapdn",
        "training": "missing"
      },
      {
        "cohort": "core",
        "condition": "case33",
        "evaluation": "missing",
        "method": "identity",
        "seed": 1102,
        "task": "mapdn",
        "training": "missing"
      },
      {
        "cohort": "core",
        "condition": "case33",
        "evaluation": "missing",
        "method": "identity",
        "seed": 1103,
        "task": "mapdn",
        "training": "missing"
      },
      {
        "cohort": "core",
        "condition": "case33",
        "evaluation": "missing",
        "method": "identity",
        "seed": 1104,
        "task": "mapdn",
        "training": "missing"
      },
      {
        "cohort": "core",
        "condition": "case33",
        "evaluation": "missing",
        "method": "local_capacity",
        "seed": 1100,
        "task": "mapdn",
        "training": "missing"
      },
      {
        "cohort": "core",
        "condition": "case33",
        "evaluation": "missing",
        "method": "local_capacity",
        "seed": 1101,
        "task": "mapdn",
        "training": "missing"
      },
      {
        "cohort": "core",
        "condition": "case33",
        "evaluation": "missing",
        "method": "local_capacity",
        "seed": 1102,
        "task": "mapdn",
        "training": "missing"
      },
      {
        "cohort": "core",
        "condition": "case33",
        "evaluation": "missing",
        "method": "local_capacity",
        "seed": 1103,
        "task": "mapdn",
        "training": "missing"
      },
      {
        "cohort": "core",
        "condition": "case33",
        "evaluation": "missing",
        "method": "local_capacity",
        "seed": 1104,
        "task": "mapdn",
        "training": "missing"
      },
      {
        "cohort": "core",
        "condition": "case33",
        "evaluation": "missing",
        "method": "broadcast",
        "seed": 1100,
        "task": "mapdn",
        "training": "missing"
      },
      {
        "cohort": "core",
        "condition": "case33",
        "evaluation": "missing",
        "method": "broadcast",
        "seed": 1101,
        "task": "mapdn",
        "training": "missing"
      },
      {
        "cohort": "core",
        "condition": "case33",
        "evaluation": "missing",
        "method": "broadcast",
        "seed": 1102,
        "task": "mapdn",
        "training": "missing"
      },
      {
        "cohort": "core",
        "condition": "case33",
        "evaluation": "missing",
        "method": "broadcast",
        "seed": 1103,
        "task": "mapdn",
        "training": "missing"
      },
      {
        "cohort": "core",
        "condition": "case33",
        "evaluation": "missing",
        "method": "broadcast",
        "seed": 1104,
        "task": "mapdn",
        "training": "missing"
      },
      {
        "cohort": "core",
        "condition": "case33",
        "evaluation": "missing",
        "method": "gated",
        "seed": 1100,
        "task": "mapdn",
        "training": "missing"
      },
      {
        "cohort": "core",
        "condition": "case33",
        "evaluation": "missing",
        "method": "gated",
        "seed": 1101,
        "task": "mapdn",
        "training": "missing"
      },
      {
        "cohort": "core",
        "condition": "case33",
        "evaluation": "missing",
        "method": "gated",
        "seed": 1102,
        "task": "mapdn",
        "training": "missing"
      },
      {
        "cohort": "core",
        "condition": "case33",
        "evaluation": "missing",
        "method": "gated",
        "seed": 1103,
        "task": "mapdn",
        "training": "missing"
      },
      {
        "cohort": "core",
        "condition": "case33",
        "evaluation": "missing",
        "method": "gated",
        "seed": 1104,
        "task": "mapdn",
        "training": "missing"
      },
      {
        "cohort": "core",
        "condition": "case33",
        "evaluation": "missing",
        "method": "attention",
        "seed": 1100,
        "task": "mapdn",
        "training": "missing"
      },
      {
        "cohort": "core",
        "condition": "case33",
        "evaluation": "missing",
        "method": "attention",
        "seed": 1101,
        "task": "mapdn",
        "training": "missing"
      },
      {
        "cohort": "core",
        "condition": "case33",
        "evaluation": "missing",
        "method": "attention",
        "seed": 1102,
        "task": "mapdn",
        "training": "missing"
      },
      {
        "cohort": "core",
        "condition": "case33",
        "evaluation": "missing",
        "method": "attention",
        "seed": 1103,
        "task": "mapdn",
        "training": "missing"
      },
      {
        "cohort": "core",
        "condition": "case33",
        "evaluation": "missing",
        "method": "attention",
        "seed": 1104,
        "task": "mapdn",
        "training": "missing"
      },
      {
        "cohort": "core",
        "condition": "case33",
        "evaluation": "missing",
        "method": "graph_full",
        "seed": 1100,
        "task": "mapdn",
        "training": "missing"
      },
      {
        "cohort": "core",
        "condition": "case33",
        "evaluation": "missing",
        "method": "graph_full",
        "seed": 1101,
        "task": "mapdn",
        "training": "missing"
      },
      {
        "cohort": "core",
        "condition": "case33",
        "evaluation": "missing",
        "method": "graph_full",
        "seed": 1102,
        "task": "mapdn",
        "training": "missing"
      },
      {
        "cohort": "core",
        "condition": "case33",
        "evaluation": "missing",
        "method": "graph_full",
        "seed": 1103,
        "task": "mapdn",
        "training": "missing"
      },
      {
        "cohort": "core",
        "condition": "case33",
        "evaluation": "missing",
        "method": "graph_full",
        "seed": 1104,
        "task": "mapdn",
        "training": "missing"
      }
    ],
    "complete": false,
    "counts": {
      "mapdn_main": 30,
      "mapdn_qualification": 2,
      "mapdn_smoke": 6,
      "pcp_main": 60,
      "pcp_qualification": 4,
      "pcp_smoke": 12
    },
    "main_approved": false,
    "planned": 90,
    "scheduler": {},
    "scheduler_completion_is_scientific_completion": false
  },
  "figures": "No outcome plots without actual retained outcomes",
  "inputs": {},
  "interpretation": "Fixed-budget adaptations. Effects may be negative/inconclusive. Reliance is an input-shift intervention.",
  "outcomes": [],
  "output": "/Users/akshatguduru/Desktop/Thesis/communication_comparison_v1_final_plan_20260920_v3/analysis/12c0bdb1ec6c412988ab9f4aeaeb7f35",
  "physical_scope": "Voltage statistics conditional on valid solves; failed banks prevent clean rankings.",
  "planned_seed_denominator": 5,
  "scientific_complete": false,
  "statistics": {
    "effects": [
      {
        "baseline": "identity",
        "complete": false,
        "condition": "radius1",
        "estimate": null,
        "method": "broadcast",
        "planned_n": 5,
        "primary": true,
        "seeds": [],
        "task": "pcp"
      },
      {
        "baseline": "local_capacity",
        "complete": false,
        "condition": "radius1",
        "estimate": null,
        "method": "broadcast",
        "planned_n": 5,
        "primary": false,
        "seeds": [],
        "task": "pcp"
      },
      {
        "baseline": "identity",
        "complete": false,
        "condition": "radius1",
        "estimate": null,
        "method": "gated",
        "planned_n": 5,
        "primary": true,
        "seeds": [],
        "task": "pcp"
      },
      {
        "baseline": "local_capacity",
        "complete": false,
        "condition": "radius1",
        "estimate": null,
        "method": "gated",
        "planned_n": 5,
        "primary": false,
        "seeds": [],
        "task": "pcp"
      },
      {
        "baseline": "broadcast",
        "complete": false,
        "condition": "radius1",
        "estimate": null,
        "method": "gated",
        "planned_n": 5,
        "primary": false,
        "seeds": [],
        "task": "pcp"
      },
      {
        "baseline": "identity",
        "complete": false,
        "condition": "radius1",
        "estimate": null,
        "method": "attention",
        "planned_n": 5,
        "primary": true,
        "seeds": [],
        "task": "pcp"
      },
      {
        "baseline": "local_capacity",
        "complete": false,
        "condition": "radius1",
        "estimate": null,
        "method": "attention",
        "planned_n": 5,
        "primary": false,
        "seeds": [],
        "task": "pcp"
      },
      {
        "baseline": "broadcast",
        "complete": false,
        "condition": "radius1",
        "estimate": null,
        "method": "attention",
        "planned_n": 5,
        "primary": false,
        "seeds": [],
        "task": "pcp"
      },
      {
        "baseline": "identity",
        "complete": false,
        "condition": "radius1",
        "estimate": null,
        "method": "graph_full",
        "planned_n": 5,
        "primary": true,
        "seeds": [],
        "task": "pcp"
      },
      {
        "baseline": "local_capacity",
        "complete": false,
        "condition": "radius1",
        "estimate": null,
        "method": "graph_full",
        "planned_n": 5,
        "primary": false,
        "seeds": [],
        "task": "pcp"
      },
      {
        "baseline": "broadcast",
        "complete": false,
        "condition": "radius1",
        "estimate": null,
        "method": "graph_full",
        "planned_n": 5,
        "primary": false,
        "seeds": [],
        "task": "pcp"
      },
      {
        "baseline": "identity",
        "complete": false,
        "condition": "global",
        "estimate": null,
        "method": "broadcast",
        "planned_n": 5,
        "primary": true,
        "seeds": [],
        "task": "pcp"
      },
      {
        "baseline": "local_capacity",
        "complete": false,
        "condition": "global",
        "estimate": null,
        "method": "broadcast",
        "planned_n": 5,
        "primary": false,
        "seeds": [],
        "task": "pcp"
      },
      {
        "baseline": "identity",
        "complete": false,
        "condition": "global",
        "estimate": null,
        "method": "gated",
        "planned_n": 5,
        "primary": true,
        "seeds": [],
        "task": "pcp"
      },
      {
        "baseline": "local_capacity",
        "complete": false,
        "condition": "global",
        "estimate": null,
        "method": "gated",
        "planned_n": 5,
        "primary": false,
        "seeds": [],
        "task": "pcp"
      },
      {
        "baseline": "broadcast",
        "complete": false,
        "condition": "global",
        "estimate": null,
        "method": "gated",
        "planned_n": 5,
        "primary": false,
        "seeds": [],
        "task": "pcp"
      },
      {
        "baseline": "identity",
        "complete": false,
        "condition": "global",
        "estimate": null,
        "method": "attention",
        "planned_n": 5,
        "primary": true,
        "seeds": [],
        "task": "pcp"
      },
      {
        "baseline": "local_capacity",
        "complete": false,
        "condition": "global",
        "estimate": null,
        "method": "attention",
        "planned_n": 5,
        "primary": false,
        "seeds": [],
        "task": "pcp"
      },
      {
        "baseline": "broadcast",
        "complete": false,
        "condition": "global",
        "estimate": null,
        "method": "attention",
        "planned_n": 5,
        "primary": false,
        "seeds": [],
        "task": "pcp"
      },
      {
        "baseline": "identity",
        "complete": false,
        "condition": "global",
        "estimate": null,
        "method": "graph_full",
        "planned_n": 5,
        "primary": true,
        "seeds": [],
        "task": "pcp"
      },
      {
        "baseline": "local_capacity",
        "complete": false,
        "condition": "global",
        "estimate": null,
        "method": "graph_full",
        "planned_n": 5,
        "primary": false,
        "seeds": [],
        "task": "pcp"
      },
      {
        "baseline": "broadcast",
        "complete": false,
        "condition": "global",
        "estimate": null,
        "method": "graph_full",
        "planned_n": 5,
        "primary": false,
        "seeds": [],
        "task": "pcp"
      },
      {
        "baseline": "identity",
        "complete": false,
        "condition": "case33",
        "estimate": null,
        "method": "broadcast",
        "planned_n": 5,
        "primary": true,
        "seeds": [],
        "task": "mapdn"
      },
      {
        "baseline": "local_capacity",
        "complete": false,
        "condition": "case33",
        "estimate": null,
        "method": "broadcast",
        "planned_n": 5,
        "primary": false,
        "seeds": [],
        "task": "mapdn"
      },
      {
        "baseline": "identity",
        "complete": false,
        "condition": "case33",
        "estimate": null,
        "method": "gated",
        "planned_n": 5,
        "primary": true,
        "seeds": [],
        "task": "mapdn"
      },
      {
        "baseline": "local_capacity",
        "complete": false,
        "condition": "case33",
        "estimate": null,
        "method": "gated",
        "planned_n": 5,
        "primary": false,
        "seeds": [],
        "task": "mapdn"
      },
      {
        "baseline": "broadcast",
        "complete": false,
        "condition": "case33",
        "estimate": null,
        "method": "gated",
        "planned_n": 5,
        "primary": false,
        "seeds": [],
        "task": "mapdn"
      },
      {
        "baseline": "identity",
        "complete": false,
        "condition": "case33",
        "estimate": null,
        "method": "attention",
        "planned_n": 5,
        "primary": true,
        "seeds": [],
        "task": "mapdn"
      },
      {
        "baseline": "local_capacity",
        "complete": false,
        "condition": "case33",
        "estimate": null,
        "method": "attention",
        "planned_n": 5,
        "primary": false,
        "seeds": [],
        "task": "mapdn"
      },
      {
        "baseline": "broadcast",
        "complete": false,
        "condition": "case33",
        "estimate": null,
        "method": "attention",
        "planned_n": 5,
        "primary": false,
        "seeds": [],
        "task": "mapdn"
      },
      {
        "baseline": "identity",
        "complete": false,
        "condition": "case33",
        "estimate": null,
        "method": "graph_full",
        "planned_n": 5,
        "primary": true,
        "seeds": [],
        "task": "mapdn"
      },
      {
        "baseline": "local_capacity",
        "complete": false,
        "condition": "case33",
        "estimate": null,
        "method": "graph_full",
        "planned_n": 5,
        "primary": false,
        "seeds": [],
        "task": "mapdn"
      },
      {
        "baseline": "broadcast",
        "complete": false,
        "condition": "case33",
        "estimate": null,
        "method": "graph_full",
        "planned_n": 5,
        "primary": false,
        "seeds": [],
        "task": "mapdn"
      }
    ],
    "reliance": [
      {
        "complete": false,
        "condition": "radius1",
        "estimate": null,
        "method": "identity",
        "seeds": [],
        "task": "pcp"
      },
      {
        "complete": false,
        "condition": "radius1",
        "estimate": null,
        "method": "local_capacity",
        "seeds": [],
        "task": "pcp"
      },
      {
        "complete": false,
        "condition": "radius1",
        "estimate": null,
        "method": "broadcast",
        "seeds": [],
        "task": "pcp"
      },
      {
        "complete": false,
        "condition": "radius1",
        "estimate": null,
        "method": "gated",
        "seeds": [],
        "task": "pcp"
      },
      {
        "complete": false,
        "condition": "radius1",
        "estimate": null,
        "method": "attention",
        "seeds": [],
        "task": "pcp"
      },
      {
        "complete": false,
        "condition": "radius1",
        "estimate": null,
        "method": "graph_full",
        "seeds": [],
        "task": "pcp"
      },
      {
        "complete": false,
        "condition": "global",
        "estimate": null,
        "method": "identity",
        "seeds": [],
        "task": "pcp"
      },
      {
        "complete": false,
        "condition": "global",
        "estimate": null,
        "method": "local_capacity",
        "seeds": [],
        "task": "pcp"
      },
      {
        "complete": false,
        "condition": "global",
        "estimate": null,
        "method": "broadcast",
        "seeds": [],
        "task": "pcp"
      },
      {
        "complete": false,
        "condition": "global",
        "estimate": null,
        "method": "gated",
        "seeds": [],
        "task": "pcp"
      },
      {
        "complete": false,
        "condition": "global",
        "estimate": null,
        "method": "attention",
        "seeds": [],
        "task": "pcp"
      },
      {
        "complete": false,
        "condition": "global",
        "estimate": null,
        "method": "graph_full",
        "seeds": [],
        "task": "pcp"
      },
      {
        "complete": false,
        "condition": "case33",
        "estimate": null,
        "method": "identity",
        "seeds": [],
        "task": "mapdn"
      },
      {
        "complete": false,
        "condition": "case33",
        "estimate": null,
        "method": "local_capacity",
        "seeds": [],
        "task": "mapdn"
      },
      {
        "complete": false,
        "condition": "case33",
        "estimate": null,
        "method": "broadcast",
        "seeds": [],
        "task": "mapdn"
      },
      {
        "complete": false,
        "condition": "case33",
        "estimate": null,
        "method": "gated",
        "seeds": [],
        "task": "mapdn"
      },
      {
        "complete": false,
        "condition": "case33",
        "estimate": null,
        "method": "attention",
        "seeds": [],
        "task": "mapdn"
      },
      {
        "complete": false,
        "condition": "case33",
        "estimate": null,
        "method": "graph_full",
        "seeds": [],
        "task": "mapdn"
      }
    ],
    "supplement_effects": [],
    "visibility_interactions": [
      {
        "complete": false,
        "estimate": null,
        "method": "broadcast",
        "seeds": []
      },
      {
        "complete": false,
        "estimate": null,
        "method": "gated",
        "seeds": []
      },
      {
        "complete": false,
        "estimate": null,
        "method": "attention",
        "seeds": []
      },
      {
        "complete": false,
        "estimate": null,
        "method": "graph_full",
        "seeds": []
      }
    ]
  }
}
