........................................................................ [ 21%]
........................................................................ [ 43%]
.........................F.............................................. [ 65%]
........................................................................ [ 87%]
.........................................                                [100%]
=================================== FAILURES ===================================
_______________ test_analyze_step_covers_every_cluster_pcp_suite _______________

config_root = PosixPath('/Users/akshatguduru/Desktop/Thesis/marl-comm/configs')

    def test_analyze_step_covers_every_cluster_pcp_suite(config_root):
        """Newton owns CUDA/historical suites; CPU studies use their local analyzers."""
        analyze = (SLURM / "pcp_05_analyze.sbatch").read_text(encoding="utf-8")
        suites = set()
        for path in (config_root / "sweeps").glob("pcp_*.yaml"):
            suite = OmegaConf.load(path)
            if suite.get("protocol"):
                protocol = load_protocol(config_root.parent / suite.protocol)
                if protocol["runtime"]["device"] == "cpu":
                    # A Newton replay would violate the local study's saved
                    # Python/device/thread contract, including comparison rows.
                    assert suite.suite_id not in analyze
                    assert suite.stage in {"confirmation", "comparison"}
                    assert list(suite.seeds) == protocol["selection"][f"{suite.stage}_seeds"]
                    if suite.stage == "confirmation":
                        assert list(suite.models) == ["pcp_comm_identity"]
                    else:
                        declared = {
                            (model, row.ablation, row.ablation_value)
                            for model in suite.models
                            for row in suite.runs
                        }
                        allowed = {
                            (row["model"], row["ablation"], row["ablation_value"])
                            for row in protocol["launch_scope"]["comparison"]
                        }
                        assert declared == allowed
                        for script in ("evaluate_pcp_budget.py", "analyze_pcp_budget.py"):
                            assert (REPO_ROOT / "scripts" / script).is_file()
                    continue
>           suites.add(suite.suite_id)
                       ^^^^^^^^^^^^^^

src/tests/test_slurm_scripts.py:498: 
_ _ _ _ _ _ _ _ _ _ _ _ _ _ _ _ _ _ _ _ _ _ _ _ _ _ _ _ _ _ _ _ _ _ _ _ _ _ _ _ 
.venv/lib/python3.12/site-packages/omegaconf/dictconfig.py:355: in __getattr__
    self._format_and_raise(
.venv/lib/python3.12/site-packages/omegaconf/base.py:231: in _format_and_raise
    format_and_raise(
.venv/lib/python3.12/site-packages/omegaconf/_utils.py:899: in format_and_raise
    _raise(ex, cause)
.venv/lib/python3.12/site-packages/omegaconf/_utils.py:797: in _raise
    raise ex.with_traceback(sys.exc_info()[2])  # set env var OC_CAUSE=1 for full trace
    ^^^^^^^^^^^^^^^^^^^^^^^^^^^^^^^^^^^^^^^^^^
.venv/lib/python3.12/site-packages/omegaconf/dictconfig.py:351: in __getattr__
    return self._get_impl(
.venv/lib/python3.12/site-packages/omegaconf/dictconfig.py:442: in _get_impl
    node = self._get_child(
.venv/lib/python3.12/site-packages/omegaconf/basecontainer.py:73: in _get_child
    child = self._get_node(
_ _ _ _ _ _ _ _ _ _ _ _ _ _ _ _ _ _ _ _ _ _ _ _ _ _ _ _ _ _ _ _ _ _ _ _ _ _ _ _ 

self = {'schema_version': 1, 'suite': 'configs/experiments/pcp_mapdn_mechanisms_v1.yaml', 'include': [], 'note': 'Suite allocation descriptor, consumed via communication_suite.py plan --sweep; not a legacy sweeps.py document.'}
key = 'suite_id', validate_access = True, validate_key = False
throw_on_missing_value = False, throw_on_missing_key = True

    def _get_node(
        self,
        key: DictKeyType,
        validate_access: bool = True,
        validate_key: bool = True,
        throw_on_missing_value: bool = False,
        throw_on_missing_key: bool = False,
    ) -> Optional[Node]:
        try:
            key = self._validate_and_normalize_key(key)
        except KeyValidationError:
            if validate_access and validate_key:
                raise
            else:
                if throw_on_missing_key:
                    raise ConfigAttributeError
                else:
                    return None
    
        if validate_access:
            self._validate_get(key)
    
        value: Optional[Node] = self.__dict__["_content"].get(key)
        if value is None:
            if throw_on_missing_key:
>               raise ConfigKeyError(f"Missing key {key!s}")
E               omegaconf.errors.ConfigAttributeError: Missing key suite_id
E                   full_key: suite_id
E                   object_type=dict

.venv/lib/python3.12/site-packages/omegaconf/dictconfig.py:480: ConfigAttributeError
=========================== short test summary info ============================
FAILED src/tests/test_slurm_scripts.py::test_analyze_step_covers_every_cluster_pcp_suite
1 failed, 328 passed, 114 warnings in 254.09s (0:04:14)
