sbatch --parsable --no-requeue --kill-on-invalid-dep=yes --account local_check_only --partition local_check_only --cpus-per-task 1 --mem 2G --time 00:30:00 --chdir /Users/akshatguduru/Desktop/Thesis/marl-comm --job-name comm_v1_train_pcp --output /Users/akshatguduru/Desktop/Thesis/communication_comparison_v1_final_plan_20260920_v3/slurm_logs/train_pcp_%A_%a.out --error /Users/akshatguduru/Desktop/Thesis/communication_comparison_v1_final_plan_20260920_v3/slurm_logs/train_pcp_%A_%a.err --array 0-59%1 /Users/akshatguduru/Desktop/Thesis/marl-comm/slurm/communication_comparison_v1/04_train_pcp.sbatch /Users/akshatguduru/Desktop/Thesis/communication_comparison_v1_final_plan_20260920_v3/LOCAL_ONLY_DRY_RUN.env /Users/akshatguduru/Desktop/Thesis/communication_comparison_v1_final_plan_20260920_v3
sbatch --parsable --no-requeue --kill-on-invalid-dep=yes --account local_check_only --partition local_check_only --cpus-per-task 1 --mem 2G --time 00:30:00 --chdir /Users/akshatguduru/Desktop/Thesis/marl-comm --job-name comm_v1_close_pcp --output /Users/akshatguduru/Desktop/Thesis/communication_comparison_v1_final_plan_20260920_v3/slurm_logs/close_pcp_%j.out --error /Users/akshatguduru/Desktop/Thesis/communication_comparison_v1_final_plan_20260920_v3/slurm_logs/close_pcp_%j.err --dependency 'afterany:<train_pcp_jobid>' /Users/akshatguduru/Desktop/Thesis/marl-comm/slurm/communication_comparison_v1/06_close_training.sbatch /Users/akshatguduru/Desktop/Thesis/communication_comparison_v1_final_plan_20260920_v3/LOCAL_ONLY_DRY_RUN.env /Users/akshatguduru/Desktop/Thesis/communication_comparison_v1_final_plan_20260920_v3 pcp
sbatch --parsable --no-requeue --kill-on-invalid-dep=yes --account local_check_only --partition local_check_only --cpus-per-task 1 --mem 2G --time 00:30:00 --chdir /Users/akshatguduru/Desktop/Thesis/marl-comm --job-name comm_v1_train_mapdn --output /Users/akshatguduru/Desktop/Thesis/communication_comparison_v1_final_plan_20260920_v3/slurm_logs/train_mapdn_%A_%a.out --error /Users/akshatguduru/Desktop/Thesis/communication_comparison_v1_final_plan_20260920_v3/slurm_logs/train_mapdn_%A_%a.err --array 0-29%1 /Users/akshatguduru/Desktop/Thesis/marl-comm/slurm/communication_comparison_v1/05_train_mapdn.sbatch /Users/akshatguduru/Desktop/Thesis/communication_comparison_v1_final_plan_20260920_v3/LOCAL_ONLY_DRY_RUN.env /Users/akshatguduru/Desktop/Thesis/communication_comparison_v1_final_plan_20260920_v3
sbatch --parsable --no-requeue --kill-on-invalid-dep=yes --account local_check_only --partition local_check_only --cpus-per-task 1 --mem 2G --time 00:30:00 --chdir /Users/akshatguduru/Desktop/Thesis/marl-comm --job-name comm_v1_close_mapdn --output /Users/akshatguduru/Desktop/Thesis/communication_comparison_v1_final_plan_20260920_v3/slurm_logs/close_mapdn_%j.out --error /Users/akshatguduru/Desktop/Thesis/communication_comparison_v1_final_plan_20260920_v3/slurm_logs/close_mapdn_%j.err --dependency 'afterany:<train_mapdn_jobid>' /Users/akshatguduru/Desktop/Thesis/marl-comm/slurm/communication_comparison_v1/06_close_training.sbatch /Users/akshatguduru/Desktop/Thesis/communication_comparison_v1_final_plan_20260920_v3/LOCAL_ONLY_DRY_RUN.env /Users/akshatguduru/Desktop/Thesis/communication_comparison_v1_final_plan_20260920_v3 mapdn
sbatch --parsable --no-requeue --kill-on-invalid-dep=yes --account local_check_only --partition local_check_only --cpus-per-task 1 --mem 2G --time 00:30:00 --chdir /Users/akshatguduru/Desktop/Thesis/marl-comm --job-name comm_v1_evaluate_pcp --output /Users/akshatguduru/Desktop/Thesis/communication_comparison_v1_final_plan_20260920_v3/slurm_logs/evaluate_pcp_%A_%a.out --error /Users/akshatguduru/Desktop/Thesis/communication_comparison_v1_final_plan_20260920_v3/slurm_logs/evaluate_pcp_%A_%a.err --array 0-59%1 --dependency 'afterok:<close_pcp_jobid>:<close_mapdn_jobid>' /Users/akshatguduru/Desktop/Thesis/marl-comm/slurm/communication_comparison_v1/07_evaluate_pcp.sbatch /Users/akshatguduru/Desktop/Thesis/communication_comparison_v1_final_plan_20260920_v3/LOCAL_ONLY_DRY_RUN.env /Users/akshatguduru/Desktop/Thesis/communication_comparison_v1_final_plan_20260920_v3
sbatch --parsable --no-requeue --kill-on-invalid-dep=yes --account local_check_only --partition local_check_only --cpus-per-task 1 --mem 2G --time 00:30:00 --chdir /Users/akshatguduru/Desktop/Thesis/marl-comm --job-name comm_v1_evaluate_mapdn --output /Users/akshatguduru/Desktop/Thesis/communication_comparison_v1_final_plan_20260920_v3/slurm_logs/evaluate_mapdn_%A_%a.out --error /Users/akshatguduru/Desktop/Thesis/communication_comparison_v1_final_plan_20260920_v3/slurm_logs/evaluate_mapdn_%A_%a.err --array 0-29%1 --dependency 'afterok:<close_pcp_jobid>:<close_mapdn_jobid>' /Users/akshatguduru/Desktop/Thesis/marl-comm/slurm/communication_comparison_v1/08_evaluate_mapdn.sbatch /Users/akshatguduru/Desktop/Thesis/communication_comparison_v1_final_plan_20260920_v3/LOCAL_ONLY_DRY_RUN.env /Users/akshatguduru/Desktop/Thesis/communication_comparison_v1_final_plan_20260920_v3
sbatch --parsable --no-requeue --kill-on-invalid-dep=yes --account local_check_only --partition local_check_only --cpus-per-task 1 --mem 2G --time 00:10:00 --chdir /Users/akshatguduru/Desktop/Thesis/marl-comm --job-name comm_v1_analyze --output /Users/akshatguduru/Desktop/Thesis/communication_comparison_v1_final_plan_20260920_v3/slurm_logs/analyze_%j.out --error /Users/akshatguduru/Desktop/Thesis/communication_comparison_v1_final_plan_20260920_v3/slurm_logs/analyze_%j.err --dependency 'afterany:<evaluate_pcp_jobid>:<evaluate_mapdn_jobid>' /Users/akshatguduru/Desktop/Thesis/marl-comm/slurm/communication_comparison_v1/09_analyze.sbatch /Users/akshatguduru/Desktop/Thesis/communication_comparison_v1_final_plan_20260920_v3/LOCAL_ONLY_DRY_RUN.env /Users/akshatguduru/Desktop/Thesis/communication_comparison_v1_final_plan_20260920_v3
{
  "dry_run": true,
  "jobs": [
    {
      "command": [
        "sbatch",
        "--parsable",
        "--no-requeue",
        "--kill-on-invalid-dep=yes",
        "--account",
        "local_check_only",
        "--partition",
        "local_check_only",
        "--cpus-per-task",
        "1",
        "--mem",
        "2G",
        "--time",
        "00:30:00",
        "--chdir",
        "/Users/akshatguduru/Desktop/Thesis/marl-comm",
        "--job-name",
        "comm_v1_train_pcp",
        "--output",
        "/Users/akshatguduru/Desktop/Thesis/communication_comparison_v1_final_plan_20260920_v3/slurm_logs/train_pcp_%A_%a.out",
        "--error",
        "/Users/akshatguduru/Desktop/Thesis/communication_comparison_v1_final_plan_20260920_v3/slurm_logs/train_pcp_%A_%a.err",
        "--array",
        "0-59%1",
        "/Users/akshatguduru/Desktop/Thesis/marl-comm/slurm/communication_comparison_v1/04_train_pcp.sbatch",
        "/Users/akshatguduru/Desktop/Thesis/communication_comparison_v1_final_plan_20260920_v3/LOCAL_ONLY_DRY_RUN.env",
        "/Users/akshatguduru/Desktop/Thesis/communication_comparison_v1_final_plan_20260920_v3"
      ],
      "estimated_cost": "unmeasured; profile walltime/memory are requests, not measurements",
      "indices": "0-59",
      "manifest_sha256": "cb0656aa78218ac30734a0cd537e87ac15465430244c07e0bcf2628fb12dee16",
      "name": "train_pcp",
      "phase": "main",
      "profile_sha256": "599f1e27160185254565700d85af04f6efc5ffacd1a61e603e4f329954ab58e0",
      "row_count": 60,
      "scope": "main:all",
      "stage": "main",
      "task": "pcp"
    },
    {
      "command": [
        "sbatch",
        "--parsable",
        "--no-requeue",
        "--kill-on-invalid-dep=yes",
        "--account",
        "local_check_only",
        "--partition",
        "local_check_only",
        "--cpus-per-task",
        "1",
        "--mem",
        "2G",
        "--time",
        "00:30:00",
        "--chdir",
        "/Users/akshatguduru/Desktop/Thesis/marl-comm",
        "--job-name",
        "comm_v1_close_pcp",
        "--output",
        "/Users/akshatguduru/Desktop/Thesis/communication_comparison_v1_final_plan_20260920_v3/slurm_logs/close_pcp_%j.out",
        "--error",
        "/Users/akshatguduru/Desktop/Thesis/communication_comparison_v1_final_plan_20260920_v3/slurm_logs/close_pcp_%j.err",
        "--dependency",
        "afterany:<train_pcp_jobid>",
        "/Users/akshatguduru/Desktop/Thesis/marl-comm/slurm/communication_comparison_v1/06_close_training.sbatch",
        "/Users/akshatguduru/Desktop/Thesis/communication_comparison_v1_final_plan_20260920_v3/LOCAL_ONLY_DRY_RUN.env",
        "/Users/akshatguduru/Desktop/Thesis/communication_comparison_v1_final_plan_20260920_v3",
        "pcp"
      ],
      "estimated_cost": "unmeasured; profile walltime/memory are requests, not measurements",
      "indices": null,
      "manifest_sha256": null,
      "name": "close_pcp",
      "phase": "main",
      "profile_sha256": "599f1e27160185254565700d85af04f6efc5ffacd1a61e603e4f329954ab58e0",
      "row_count": null,
      "scope": "main:all",
      "stage": null,
      "task": "pcp"
    },
    {
      "command": [
        "sbatch",
        "--parsable",
        "--no-requeue",
        "--kill-on-invalid-dep=yes",
        "--account",
        "local_check_only",
        "--partition",
        "local_check_only",
        "--cpus-per-task",
        "1",
        "--mem",
        "2G",
        "--time",
        "00:30:00",
        "--chdir",
        "/Users/akshatguduru/Desktop/Thesis/marl-comm",
        "--job-name",
        "comm_v1_train_mapdn",
        "--output",
        "/Users/akshatguduru/Desktop/Thesis/communication_comparison_v1_final_plan_20260920_v3/slurm_logs/train_mapdn_%A_%a.out",
        "--error",
        "/Users/akshatguduru/Desktop/Thesis/communication_comparison_v1_final_plan_20260920_v3/slurm_logs/train_mapdn_%A_%a.err",
        "--array",
        "0-29%1",
        "/Users/akshatguduru/Desktop/Thesis/marl-comm/slurm/communication_comparison_v1/05_train_mapdn.sbatch",
        "/Users/akshatguduru/Desktop/Thesis/communication_comparison_v1_final_plan_20260920_v3/LOCAL_ONLY_DRY_RUN.env",
        "/Users/akshatguduru/Desktop/Thesis/communication_comparison_v1_final_plan_20260920_v3"
      ],
      "estimated_cost": "unmeasured; profile walltime/memory are requests, not measurements",
      "indices": "0-29",
      "manifest_sha256": "5582823c58e8f6d0e744d6fc2b6432ff6c1f9780e81413f3205c2e402ad29d4a",
      "name": "train_mapdn",
      "phase": "main",
      "profile_sha256": "599f1e27160185254565700d85af04f6efc5ffacd1a61e603e4f329954ab58e0",
      "row_count": 30,
      "scope": "main:all",
      "stage": "main",
      "task": "mapdn"
    },
    {
      "command": [
        "sbatch",
        "--parsable",
        "--no-requeue",
        "--kill-on-invalid-dep=yes",
        "--account",
        "local_check_only",
        "--partition",
        "local_check_only",
        "--cpus-per-task",
        "1",
        "--mem",
        "2G",
        "--time",
        "00:30:00",
        "--chdir",
        "/Users/akshatguduru/Desktop/Thesis/marl-comm",
        "--job-name",
        "comm_v1_close_mapdn",
        "--output",
        "/Users/akshatguduru/Desktop/Thesis/communication_comparison_v1_final_plan_20260920_v3/slurm_logs/close_mapdn_%j.out",
        "--error",
        "/Users/akshatguduru/Desktop/Thesis/communication_comparison_v1_final_plan_20260920_v3/slurm_logs/close_mapdn_%j.err",
        "--dependency",
        "afterany:<train_mapdn_jobid>",
        "/Users/akshatguduru/Desktop/Thesis/marl-comm/slurm/communication_comparison_v1/06_close_training.sbatch",
        "/Users/akshatguduru/Desktop/Thesis/communication_comparison_v1_final_plan_20260920_v3/LOCAL_ONLY_DRY_RUN.env",
        "/Users/akshatguduru/Desktop/Thesis/communication_comparison_v1_final_plan_20260920_v3",
        "mapdn"
      ],
      "estimated_cost": "unmeasured; profile walltime/memory are requests, not measurements",
      "indices": null,
      "manifest_sha256": null,
      "name": "close_mapdn",
      "phase": "main",
      "profile_sha256": "599f1e27160185254565700d85af04f6efc5ffacd1a61e603e4f329954ab58e0",
      "row_count": null,
      "scope": "main:all",
      "stage": null,
      "task": "mapdn"
    },
    {
      "command": [
        "sbatch",
        "--parsable",
        "--no-requeue",
        "--kill-on-invalid-dep=yes",
        "--account",
        "local_check_only",
        "--partition",
        "local_check_only",
        "--cpus-per-task",
        "1",
        "--mem",
        "2G",
        "--time",
        "00:30:00",
        "--chdir",
        "/Users/akshatguduru/Desktop/Thesis/marl-comm",
        "--job-name",
        "comm_v1_evaluate_pcp",
        "--output",
        "/Users/akshatguduru/Desktop/Thesis/communication_comparison_v1_final_plan_20260920_v3/slurm_logs/evaluate_pcp_%A_%a.out",
        "--error",
        "/Users/akshatguduru/Desktop/Thesis/communication_comparison_v1_final_plan_20260920_v3/slurm_logs/evaluate_pcp_%A_%a.err",
        "--array",
        "0-59%1",
        "--dependency",
        "afterok:<close_pcp_jobid>:<close_mapdn_jobid>",
        "/Users/akshatguduru/Desktop/Thesis/marl-comm/slurm/communication_comparison_v1/07_evaluate_pcp.sbatch",
        "/Users/akshatguduru/Desktop/Thesis/communication_comparison_v1_final_plan_20260920_v3/LOCAL_ONLY_DRY_RUN.env",
        "/Users/akshatguduru/Desktop/Thesis/communication_comparison_v1_final_plan_20260920_v3"
      ],
      "estimated_cost": "unmeasured; profile walltime/memory are requests, not measurements",
      "indices": "0-59",
      "manifest_sha256": "cb0656aa78218ac30734a0cd537e87ac15465430244c07e0bcf2628fb12dee16",
      "name": "evaluate_pcp",
      "phase": "main",
      "profile_sha256": "599f1e27160185254565700d85af04f6efc5ffacd1a61e603e4f329954ab58e0",
      "row_count": 60,
      "scope": "main:all",
      "stage": "main",
      "task": "pcp"
    },
    {
      "command": [
        "sbatch",
        "--parsable",
        "--no-requeue",
        "--kill-on-invalid-dep=yes",
        "--account",
        "local_check_only",
        "--partition",
        "local_check_only",
        "--cpus-per-task",
        "1",
        "--mem",
        "2G",
        "--time",
        "00:30:00",
        "--chdir",
        "/Users/akshatguduru/Desktop/Thesis/marl-comm",
        "--job-name",
        "comm_v1_evaluate_mapdn",
        "--output",
        "/Users/akshatguduru/Desktop/Thesis/communication_comparison_v1_final_plan_20260920_v3/slurm_logs/evaluate_mapdn_%A_%a.out",
        "--error",
        "/Users/akshatguduru/Desktop/Thesis/communication_comparison_v1_final_plan_20260920_v3/slurm_logs/evaluate_mapdn_%A_%a.err",
        "--array",
        "0-29%1",
        "--dependency",
        "afterok:<close_pcp_jobid>:<close_mapdn_jobid>",
        "/Users/akshatguduru/Desktop/Thesis/marl-comm/slurm/communication_comparison_v1/08_evaluate_mapdn.sbatch",
        "/Users/akshatguduru/Desktop/Thesis/communication_comparison_v1_final_plan_20260920_v3/LOCAL_ONLY_DRY_RUN.env",
        "/Users/akshatguduru/Desktop/Thesis/communication_comparison_v1_final_plan_20260920_v3"
      ],
      "estimated_cost": "unmeasured; profile walltime/memory are requests, not measurements",
      "indices": "0-29",
      "manifest_sha256": "5582823c58e8f6d0e744d6fc2b6432ff6c1f9780e81413f3205c2e402ad29d4a",
      "name": "evaluate_mapdn",
      "phase": "main",
      "profile_sha256": "599f1e27160185254565700d85af04f6efc5ffacd1a61e603e4f329954ab58e0",
      "row_count": 30,
      "scope": "main:all",
      "stage": "main",
      "task": "mapdn"
    },
    {
      "command": [
        "sbatch",
        "--parsable",
        "--no-requeue",
        "--kill-on-invalid-dep=yes",
        "--account",
        "local_check_only",
        "--partition",
        "local_check_only",
        "--cpus-per-task",
        "1",
        "--mem",
        "2G",
        "--time",
        "00:10:00",
        "--chdir",
        "/Users/akshatguduru/Desktop/Thesis/marl-comm",
        "--job-name",
        "comm_v1_analyze",
        "--output",
        "/Users/akshatguduru/Desktop/Thesis/communication_comparison_v1_final_plan_20260920_v3/slurm_logs/analyze_%j.out",
        "--error",
        "/Users/akshatguduru/Desktop/Thesis/communication_comparison_v1_final_plan_20260920_v3/slurm_logs/analyze_%j.err",
        "--dependency",
        "afterany:<evaluate_pcp_jobid>:<evaluate_mapdn_jobid>",
        "/Users/akshatguduru/Desktop/Thesis/marl-comm/slurm/communication_comparison_v1/09_analyze.sbatch",
        "/Users/akshatguduru/Desktop/Thesis/communication_comparison_v1_final_plan_20260920_v3/LOCAL_ONLY_DRY_RUN.env",
        "/Users/akshatguduru/Desktop/Thesis/communication_comparison_v1_final_plan_20260920_v3"
      ],
      "estimated_cost": "unmeasured; profile walltime/memory are requests, not measurements",
      "indices": null,
      "manifest_sha256": null,
      "name": "analyze",
      "phase": "main",
      "profile_sha256": "599f1e27160185254565700d85af04f6efc5ffacd1a61e603e4f329954ab58e0",
      "row_count": null,
      "scope": "main:all",
      "stage": null,
      "task": "control"
    }
  ],
  "scientific_completion": "artifact-gated"
}
