sbatch --parsable --no-requeue --kill-on-invalid-dep=yes --account local_check_only --partition local_check_only --cpus-per-task 1 --mem 2G --time 00:10:00 --chdir /Users/akshatguduru/Desktop/Thesis/marl-comm --job-name comm_v1_probe --output /Users/akshatguduru/Desktop/Thesis/communication_comparison_v1_final_plan_20260920_v3/slurm_logs/probe_%j.out --error /Users/akshatguduru/Desktop/Thesis/communication_comparison_v1_final_plan_20260920_v3/slurm_logs/probe_%j.err /Users/akshatguduru/Desktop/Thesis/marl-comm/slurm/communication_comparison_v1/00_probe.sbatch /Users/akshatguduru/Desktop/Thesis/communication_comparison_v1_final_plan_20260920_v3/LOCAL_ONLY_DRY_RUN.env /Users/akshatguduru/Desktop/Thesis/communication_comparison_v1_final_plan_20260920_v3
sbatch --parsable --no-requeue --kill-on-invalid-dep=yes --account local_check_only --partition local_check_only --cpus-per-task 1 --mem 2G --time 00:10:00 --chdir /Users/akshatguduru/Desktop/Thesis/marl-comm --job-name comm_v1_bootstrap --output /Users/akshatguduru/Desktop/Thesis/communication_comparison_v1_final_plan_20260920_v3/slurm_logs/bootstrap_%j.out --error /Users/akshatguduru/Desktop/Thesis/communication_comparison_v1_final_plan_20260920_v3/slurm_logs/bootstrap_%j.err --dependency 'afterok:<probe_jobid>' /Users/akshatguduru/Desktop/Thesis/marl-comm/slurm/communication_comparison_v1/01_bootstrap.sbatch /Users/akshatguduru/Desktop/Thesis/communication_comparison_v1_final_plan_20260920_v3/LOCAL_ONLY_DRY_RUN.env /Users/akshatguduru/Desktop/Thesis/communication_comparison_v1_final_plan_20260920_v3
sbatch --parsable --no-requeue --kill-on-invalid-dep=yes --account local_check_only --partition local_check_only --cpus-per-task 1 --mem 2G --time 00:30:00 --chdir /Users/akshatguduru/Desktop/Thesis/marl-comm --job-name comm_v1_smoke_pcp --output /Users/akshatguduru/Desktop/Thesis/communication_comparison_v1_final_plan_20260920_v3/slurm_logs/smoke_pcp_%A_%a.out --error /Users/akshatguduru/Desktop/Thesis/communication_comparison_v1_final_plan_20260920_v3/slurm_logs/smoke_pcp_%A_%a.err --array 0-11%1 --dependency 'afterok:<bootstrap_jobid>' /Users/akshatguduru/Desktop/Thesis/marl-comm/slurm/communication_comparison_v1/02_smoke.sbatch /Users/akshatguduru/Desktop/Thesis/communication_comparison_v1_final_plan_20260920_v3/LOCAL_ONLY_DRY_RUN.env /Users/akshatguduru/Desktop/Thesis/communication_comparison_v1_final_plan_20260920_v3 pcp
sbatch --parsable --no-requeue --kill-on-invalid-dep=yes --account local_check_only --partition local_check_only --cpus-per-task 1 --mem 2G --time 00:30:00 --chdir /Users/akshatguduru/Desktop/Thesis/marl-comm --job-name comm_v1_qualify_pcp --output /Users/akshatguduru/Desktop/Thesis/communication_comparison_v1_final_plan_20260920_v3/slurm_logs/qualify_pcp_%A_%a.out --error /Users/akshatguduru/Desktop/Thesis/communication_comparison_v1_final_plan_20260920_v3/slurm_logs/qualify_pcp_%A_%a.err --array 0-3%1 --dependency 'afterok:<smoke_pcp_jobid>' /Users/akshatguduru/Desktop/Thesis/marl-comm/slurm/communication_comparison_v1/03_qualify.sbatch /Users/akshatguduru/Desktop/Thesis/communication_comparison_v1_final_plan_20260920_v3/LOCAL_ONLY_DRY_RUN.env /Users/akshatguduru/Desktop/Thesis/communication_comparison_v1_final_plan_20260920_v3 pcp
sbatch --parsable --no-requeue --kill-on-invalid-dep=yes --account local_check_only --partition local_check_only --cpus-per-task 1 --mem 2G --time 00:30:00 --chdir /Users/akshatguduru/Desktop/Thesis/marl-comm --job-name comm_v1_smoke_mapdn --output /Users/akshatguduru/Desktop/Thesis/communication_comparison_v1_final_plan_20260920_v3/slurm_logs/smoke_mapdn_%A_%a.out --error /Users/akshatguduru/Desktop/Thesis/communication_comparison_v1_final_plan_20260920_v3/slurm_logs/smoke_mapdn_%A_%a.err --array 0-5%1 --dependency 'afterok:<bootstrap_jobid>' /Users/akshatguduru/Desktop/Thesis/marl-comm/slurm/communication_comparison_v1/02_smoke.sbatch /Users/akshatguduru/Desktop/Thesis/communication_comparison_v1_final_plan_20260920_v3/LOCAL_ONLY_DRY_RUN.env /Users/akshatguduru/Desktop/Thesis/communication_comparison_v1_final_plan_20260920_v3 mapdn
sbatch --parsable --no-requeue --kill-on-invalid-dep=yes --account local_check_only --partition local_check_only --cpus-per-task 1 --mem 2G --time 00:30:00 --chdir /Users/akshatguduru/Desktop/Thesis/marl-comm --job-name comm_v1_qualify_mapdn --output /Users/akshatguduru/Desktop/Thesis/communication_comparison_v1_final_plan_20260920_v3/slurm_logs/qualify_mapdn_%A_%a.out --error /Users/akshatguduru/Desktop/Thesis/communication_comparison_v1_final_plan_20260920_v3/slurm_logs/qualify_mapdn_%A_%a.err --array 0-1%1 --dependency 'afterok:<smoke_mapdn_jobid>' /Users/akshatguduru/Desktop/Thesis/marl-comm/slurm/communication_comparison_v1/03_qualify.sbatch /Users/akshatguduru/Desktop/Thesis/communication_comparison_v1_final_plan_20260920_v3/LOCAL_ONLY_DRY_RUN.env /Users/akshatguduru/Desktop/Thesis/communication_comparison_v1_final_plan_20260920_v3 mapdn
{
  "dry_run": true,
  "jobs": [
    {
      "command": [
        "sbatch",
        "--parsable",
        "--no-requeue",
        "--kill-on-invalid-dep=yes",
        "--account",
        "local_check_only",
        "--partition",
        "local_check_only",
        "--cpus-per-task",
        "1",
        "--mem",
        "2G",
        "--time",
        "00:10:00",
        "--chdir",
        "/Users/akshatguduru/Desktop/Thesis/marl-comm",
        "--job-name",
        "comm_v1_probe",
        "--output",
        "/Users/akshatguduru/Desktop/Thesis/communication_comparison_v1_final_plan_20260920_v3/slurm_logs/probe_%j.out",
        "--error",
        "/Users/akshatguduru/Desktop/Thesis/communication_comparison_v1_final_plan_20260920_v3/slurm_logs/probe_%j.err",
        "/Users/akshatguduru/Desktop/Thesis/marl-comm/slurm/communication_comparison_v1/00_probe.sbatch",
        "/Users/akshatguduru/Desktop/Thesis/communication_comparison_v1_final_plan_20260920_v3/LOCAL_ONLY_DRY_RUN.env",
        "/Users/akshatguduru/Desktop/Thesis/communication_comparison_v1_final_plan_20260920_v3"
      ],
      "estimated_cost": "unmeasured; profile walltime/memory are requests, not measurements",
      "indices": null,
      "manifest_sha256": null,
      "name": "probe",
      "phase": "prepare",
      "profile_sha256": "599f1e27160185254565700d85af04f6efc5ffacd1a61e603e4f329954ab58e0",
      "row_count": null,
      "scope": "prepare:all",
      "stage": null,
      "task": "control"
    },
    {
      "command": [
        "sbatch",
        "--parsable",
        "--no-requeue",
        "--kill-on-invalid-dep=yes",
        "--account",
        "local_check_only",
        "--partition",
        "local_check_only",
        "--cpus-per-task",
        "1",
        "--mem",
        "2G",
        "--time",
        "00:10:00",
        "--chdir",
        "/Users/akshatguduru/Desktop/Thesis/marl-comm",
        "--job-name",
        "comm_v1_bootstrap",
        "--output",
        "/Users/akshatguduru/Desktop/Thesis/communication_comparison_v1_final_plan_20260920_v3/slurm_logs/bootstrap_%j.out",
        "--error",
        "/Users/akshatguduru/Desktop/Thesis/communication_comparison_v1_final_plan_20260920_v3/slurm_logs/bootstrap_%j.err",
        "--dependency",
        "afterok:<probe_jobid>",
        "/Users/akshatguduru/Desktop/Thesis/marl-comm/slurm/communication_comparison_v1/01_bootstrap.sbatch",
        "/Users/akshatguduru/Desktop/Thesis/communication_comparison_v1_final_plan_20260920_v3/LOCAL_ONLY_DRY_RUN.env",
        "/Users/akshatguduru/Desktop/Thesis/communication_comparison_v1_final_plan_20260920_v3"
      ],
      "estimated_cost": "unmeasured; profile walltime/memory are requests, not measurements",
      "indices": null,
      "manifest_sha256": null,
      "name": "bootstrap",
      "phase": "prepare",
      "profile_sha256": "599f1e27160185254565700d85af04f6efc5ffacd1a61e603e4f329954ab58e0",
      "row_count": null,
      "scope": "prepare:all",
      "stage": null,
      "task": "control"
    },
    {
      "command": [
        "sbatch",
        "--parsable",
        "--no-requeue",
        "--kill-on-invalid-dep=yes",
        "--account",
        "local_check_only",
        "--partition",
        "local_check_only",
        "--cpus-per-task",
        "1",
        "--mem",
        "2G",
        "--time",
        "00:30:00",
        "--chdir",
        "/Users/akshatguduru/Desktop/Thesis/marl-comm",
        "--job-name",
        "comm_v1_smoke_pcp",
        "--output",
        "/Users/akshatguduru/Desktop/Thesis/communication_comparison_v1_final_plan_20260920_v3/slurm_logs/smoke_pcp_%A_%a.out",
        "--error",
        "/Users/akshatguduru/Desktop/Thesis/communication_comparison_v1_final_plan_20260920_v3/slurm_logs/smoke_pcp_%A_%a.err",
        "--array",
        "0-11%1",
        "--dependency",
        "afterok:<bootstrap_jobid>",
        "/Users/akshatguduru/Desktop/Thesis/marl-comm/slurm/communication_comparison_v1/02_smoke.sbatch",
        "/Users/akshatguduru/Desktop/Thesis/communication_comparison_v1_final_plan_20260920_v3/LOCAL_ONLY_DRY_RUN.env",
        "/Users/akshatguduru/Desktop/Thesis/communication_comparison_v1_final_plan_20260920_v3",
        "pcp"
      ],
      "estimated_cost": "unmeasured; profile walltime/memory are requests, not measurements",
      "indices": "0-11",
      "manifest_sha256": "20fc49426c3fde1478a79ec1173539ab1dc09c9a9b04dbd8f346e82429c5788e",
      "name": "smoke_pcp",
      "phase": "prepare",
      "profile_sha256": "599f1e27160185254565700d85af04f6efc5ffacd1a61e603e4f329954ab58e0",
      "row_count": 12,
      "scope": "prepare:all",
      "stage": "smoke",
      "task": "pcp"
    },
    {
      "command": [
        "sbatch",
        "--parsable",
        "--no-requeue",
        "--kill-on-invalid-dep=yes",
        "--account",
        "local_check_only",
        "--partition",
        "local_check_only",
        "--cpus-per-task",
        "1",
        "--mem",
        "2G",
        "--time",
        "00:30:00",
        "--chdir",
        "/Users/akshatguduru/Desktop/Thesis/marl-comm",
        "--job-name",
        "comm_v1_qualify_pcp",
        "--output",
        "/Users/akshatguduru/Desktop/Thesis/communication_comparison_v1_final_plan_20260920_v3/slurm_logs/qualify_pcp_%A_%a.out",
        "--error",
        "/Users/akshatguduru/Desktop/Thesis/communication_comparison_v1_final_plan_20260920_v3/slurm_logs/qualify_pcp_%A_%a.err",
        "--array",
        "0-3%1",
        "--dependency",
        "afterok:<smoke_pcp_jobid>",
        "/Users/akshatguduru/Desktop/Thesis/marl-comm/slurm/communication_comparison_v1/03_qualify.sbatch",
        "/Users/akshatguduru/Desktop/Thesis/communication_comparison_v1_final_plan_20260920_v3/LOCAL_ONLY_DRY_RUN.env",
        "/Users/akshatguduru/Desktop/Thesis/communication_comparison_v1_final_plan_20260920_v3",
        "pcp"
      ],
      "estimated_cost": "unmeasured; profile walltime/memory are requests, not measurements",
      "indices": "0-3",
      "manifest_sha256": "8aca1e3980229247dcbd1a3bd2afb95309ec54af059d48b8977b7c66258df6fc",
      "name": "qualify_pcp",
      "phase": "prepare",
      "profile_sha256": "599f1e27160185254565700d85af04f6efc5ffacd1a61e603e4f329954ab58e0",
      "row_count": 4,
      "scope": "prepare:all",
      "stage": "qualification",
      "task": "pcp"
    },
    {
      "command": [
        "sbatch",
        "--parsable",
        "--no-requeue",
        "--kill-on-invalid-dep=yes",
        "--account",
        "local_check_only",
        "--partition",
        "local_check_only",
        "--cpus-per-task",
        "1",
        "--mem",
        "2G",
        "--time",
        "00:30:00",
        "--chdir",
        "/Users/akshatguduru/Desktop/Thesis/marl-comm",
        "--job-name",
        "comm_v1_smoke_mapdn",
        "--output",
        "/Users/akshatguduru/Desktop/Thesis/communication_comparison_v1_final_plan_20260920_v3/slurm_logs/smoke_mapdn_%A_%a.out",
        "--error",
        "/Users/akshatguduru/Desktop/Thesis/communication_comparison_v1_final_plan_20260920_v3/slurm_logs/smoke_mapdn_%A_%a.err",
        "--array",
        "0-5%1",
        "--dependency",
        "afterok:<bootstrap_jobid>",
        "/Users/akshatguduru/Desktop/Thesis/marl-comm/slurm/communication_comparison_v1/02_smoke.sbatch",
        "/Users/akshatguduru/Desktop/Thesis/communication_comparison_v1_final_plan_20260920_v3/LOCAL_ONLY_DRY_RUN.env",
        "/Users/akshatguduru/Desktop/Thesis/communication_comparison_v1_final_plan_20260920_v3",
        "mapdn"
      ],
      "estimated_cost": "unmeasured; profile walltime/memory are requests, not measurements",
      "indices": "0-5",
      "manifest_sha256": "8ff7ca6b32f54759f890720355008fad1d3f0b3e216e0fba5e727064f1e34d97",
      "name": "smoke_mapdn",
      "phase": "prepare",
      "profile_sha256": "599f1e27160185254565700d85af04f6efc5ffacd1a61e603e4f329954ab58e0",
      "row_count": 6,
      "scope": "prepare:all",
      "stage": "smoke",
      "task": "mapdn"
    },
    {
      "command": [
        "sbatch",
        "--parsable",
        "--no-requeue",
        "--kill-on-invalid-dep=yes",
        "--account",
        "local_check_only",
        "--partition",
        "local_check_only",
        "--cpus-per-task",
        "1",
        "--mem",
        "2G",
        "--time",
        "00:30:00",
        "--chdir",
        "/Users/akshatguduru/Desktop/Thesis/marl-comm",
        "--job-name",
        "comm_v1_qualify_mapdn",
        "--output",
        "/Users/akshatguduru/Desktop/Thesis/communication_comparison_v1_final_plan_20260920_v3/slurm_logs/qualify_mapdn_%A_%a.out",
        "--error",
        "/Users/akshatguduru/Desktop/Thesis/communication_comparison_v1_final_plan_20260920_v3/slurm_logs/qualify_mapdn_%A_%a.err",
        "--array",
        "0-1%1",
        "--dependency",
        "afterok:<smoke_mapdn_jobid>",
        "/Users/akshatguduru/Desktop/Thesis/marl-comm/slurm/communication_comparison_v1/03_qualify.sbatch",
        "/Users/akshatguduru/Desktop/Thesis/communication_comparison_v1_final_plan_20260920_v3/LOCAL_ONLY_DRY_RUN.env",
        "/Users/akshatguduru/Desktop/Thesis/communication_comparison_v1_final_plan_20260920_v3",
        "mapdn"
      ],
      "estimated_cost": "unmeasured; profile walltime/memory are requests, not measurements",
      "indices": "0-1",
      "manifest_sha256": "7a0a5354d2733af45c1fb2511edf589207b7d1bd2039573d324a8ce9cc54572b",
      "name": "qualify_mapdn",
      "phase": "prepare",
      "profile_sha256": "599f1e27160185254565700d85af04f6efc5ffacd1a61e603e4f329954ab58e0",
      "row_count": 2,
      "scope": "prepare:all",
      "stage": "qualification",
      "task": "mapdn"
    }
  ],
  "scientific_completion": "artifact-gated"
}
